2026-09-08 12:18:04 [scrapy.utils.log] INFO: Scrapy 2.18.0 started (bot: scrapybot)
2026-09-08 12:18:04 [scrapy.utils.log] INFO: Versions:
{'lxml': '6.1.3',
 'libxml2': '2.14.6',
 'cssselect': '1.5.0',
 'parsel': '1.11.0',
 'w3lib': '2.4.1',
 'Twisted': '26.4.0',
 'Python': '3.14.0 (main, Nov 19 2025, 23:04:28) [Clang 21.1.4 ]',
 'pyOpenSSL': '26.4.0 (OpenSSL 4.0.2 25 Aug 2026)',
 'cryptography': '50.0.1',
 'Platform': 'macOS-15.7.9-arm64-arm-64bit-Mach-O'}
2026-09-08 12:18:04 [scrapy.addons] INFO: Enabled addons:
[]
2026-09-08 12:18:04 [scrapy.middleware] INFO: Enabled extensions:
['scrapy.extensions.corestats.CoreStats',
 'scrapy.extensions.logcount.LogCount',
 'scrapy.extensions.memusage.MemoryUsage',
 'scrapy.extensions.logstats.LogStats']
2026-09-08 12:18:04 [scrapy.crawler] INFO: Overridden settings:
{'AUTOTHROTTLE_START_DELAY': 0.0,
 'CONCURRENT_REQUESTS': 20,
 'CONCURRENT_REQUESTS_PER_DOMAIN': 20,
 'COOKIES_ENABLED': False,
 'DOWNLOAD_MAXSIZE': 33554432,
 'DOWNLOAD_TIMEOUT': 200,
 'DOWNLOAD_VERIFY_CERTIFICATES': True,
 'HTTPPROXY_ENABLED': False,
 'LOG_LEVEL': 'INFO',
 'METAREFRESH_ENABLED': False,
 'RANDOMIZE_DOWNLOAD_DELAY': False,
 'REDIRECT_ENABLED': False,
 'RETRY_ENABLED': False,
 'TELNETCONSOLE_ENABLED': False,
 'USER_AGENT': 'StreetEasyArchive/0.1 (personal archival research)'}
2026-09-08 12:18:04 [scrapy.middleware] INFO: Enabled downloader middlewares:
['scrapy.downloadermiddlewares.offsite.OffsiteMiddleware',
 'scrapy.downloadermiddlewares.httpauth.HttpAuthMiddleware',
 'scrapy.downloadermiddlewares.downloadtimeout.DownloadTimeoutMiddleware',
 'scrapy.downloadermiddlewares.defaultheaders.DefaultHeadersMiddleware',
 'scrapy.downloadermiddlewares.useragent.UserAgentMiddleware',
 'scrapy.downloadermiddlewares.httpcompression.HttpCompressionMiddleware',
 'scrapy.downloadermiddlewares.stats.DownloaderStats']
2026-09-08 12:18:04 [scrapy.middleware] INFO: Enabled spider middlewares:
['scrapy.spidermiddlewares.start.StartSpiderMiddleware',
 'scrapy.spidermiddlewares.httperror.HttpErrorMiddleware',
 'scrapy.spidermiddlewares.referer.RefererMiddleware',
 'scrapy.spidermiddlewares.urllength.UrlLengthMiddleware',
 'scrapy.spidermiddlewares.depth.DepthMiddleware',
 'scrapy.spidermiddlewares.metacopy.MetaCopyDetectionMiddleware']
2026-09-08 12:18:04 [scrapy.middleware] INFO: Enabled item pipelines:
[]
2026-09-08 12:18:04 [scrapy.core.engine] INFO: Spider opened
2026-09-08 12:18:04 [scrapy.extensions.logstats] INFO: Crawled 0 pages (at 0 pages/min), scraped 0 items (at 0 items/min)
2026-09-08 12:19:04 [scrapy.extensions.logstats] INFO: Crawled 111 pages (at 111 pages/min), scraped 0 items (at 0 items/min)
2026-09-08 12:20:05 [scrapy.extensions.logstats] INFO: Crawled 227 pages (at 116 pages/min), scraped 0 items (at 0 items/min)
2026-09-08 12:21:05 [scrapy.extensions.logstats] INFO: Crawled 343 pages (at 116 pages/min), scraped 0 items (at 0 items/min)
2026-09-08 12:22:05 [scrapy.extensions.logstats] INFO: Crawled 457 pages (at 114 pages/min), scraped 0 items (at 0 items/min)
2026-09-08 12:23:05 [scrapy.extensions.logstats] INFO: Crawled 572 pages (at 115 pages/min), scraped 0 items (at 0 items/min)
2026-09-08 12:24:05 [scrapy.extensions.logstats] INFO: Crawled 686 pages (at 114 pages/min), scraped 0 items (at 0 items/min)
2026-09-08 12:25:05 [scrapy.extensions.logstats] INFO: Crawled 803 pages (at 117 pages/min), scraped 0 items (at 0 items/min)
2026-09-08 12:26:05 [scrapy.extensions.logstats] INFO: Crawled 916 pages (at 113 pages/min), scraped 0 items (at 0 items/min)
2026-09-08 12:27:05 [scrapy.extensions.logstats] INFO: Crawled 1034 pages (at 118 pages/min), scraped 0 items (at 0 items/min)
2026-09-08 12:28:05 [scrapy.extensions.logstats] INFO: Crawled 1152 pages (at 118 pages/min), scraped 0 items (at 0 items/min)
2026-09-08 12:29:05 [scrapy.extensions.logstats] INFO: Crawled 1270 pages (at 118 pages/min), scraped 0 items (at 0 items/min)
2026-09-08 12:30:05 [scrapy.extensions.logstats] INFO: Crawled 1385 pages (at 115 pages/min), scraped 0 items (at 0 items/min)
2026-09-08 12:31:05 [scrapy.extensions.logstats] INFO: Crawled 1456 pages (at 71 pages/min), scraped 0 items (at 0 items/min)
